

-- 2018-07-22
# below to try, `rar` file add from command prompt, tips, to try, thinks 

# to add `rar`, file from command prompt, environment variable to add, in `This PC` OR `My Computer` right click -> `Properties` -> `Advanced system settings` -> in the window `System Properties` `Advanced` tab -> `Environment Variables` -> `System Variables` fieldset -> Edit `Path` variable, to add `C:\Program Files\WinRAR` thinks 
>> Note: before available values to backup, to add environment variable thinks; to add `;` of multiple path to adds 

# below available values, environment variables, values to add `rar` file, from command prompt, to work 
# backup values, before adds `rar` file path 
C:\Users\DELL>path
PATH=C:\Program Files\Java\jdk-10.0.1\bin;C:\Program Files (x86)\Common Files\Oracle\Java\javapath;C:\Program Files (x86)\Intel\iCLS Client\;C:\Program Files\Intel\iCLS Client\;C:\WINDOWS\system32;C:\WINDOWS;C:\WINDOWS\System32\Wbem;C:\WINDOWS\System32\WindowsPowerShell\v1.0\;C:\Program Files (x86)\Intel\Intel(R) Management Engine Components\DAL;C:\Program Files\Intel\Intel(R) Management Engine Components\DAL;C:\Program Files (x86)\Intel\Intel(R) Management Engine Components\IPT;C:\Program Files\Intel\Intel(R) Management Engine Components\IPT;C:\Program Files\PuTTY\;;C:\WINDOWS\System32\OpenSSH\;C:\Users\DELL\AppData\Local\Microsoft\WindowsApps;

# after adds `rar` file path 
C:\Users\DELL>path
PATH=C:\Program Files\Java\jdk-10.0.1\bin;C:\Program Files (x86)\Common Files\Oracle\Java\javapath;C:\Program Files (x86)\Intel\iCLS Client\;C:\Program Files\Intel\iCLS Client\;C:\WINDOWS\system32;C:\WINDOWS;C:\WINDOWS\System32\Wbem;C:\WINDOWS\System32\WindowsPowerShell\v1.0\;C:\Program Files (x86)\Intel\Intel(R) Management Engine Components\DAL;C:\Program Files\Intel\Intel(R) Management Engine Components\DAL;C:\Program Files (x86)\Intel\Intel(R) Management Engine Components\IPT;C:\Program Files\Intel\Intel(R) Management Engine Components\IPT;C:\Program Files\PuTTY\;C:\WINDOWS\System32\OpenSSH\;C:\Program Files\WinRAR;C:\Users\DELL\AppData\Local\Microsoft\WindowsApps;


# help command, of `rar` file to add, options lists thinks 
> rar /?

# below command format tries 
> rar <OPTIONS> <DESTINATION_FOLDER_PATH\ARCHIVE_FILE_NAME_>.rar <FOLDER_PATH_TO_ADD_ARCHIVE>
>> above added on `2018-07-26`

# below adds file to archive, thinks; 
> rar a -r -ep1 -agYYYY-MM-DD <DESTINATION_FOLDER_PATH\ARCHIVE_FILE_NAME_>.rar <FOLDER_PATH_TO_ADD_ARCHIVE>

# below exlude folder, file thinks 
> rar a -r -ep1 -agYYYY-MM-DD -x*\<FOLDER> -x*<FILE_NAME> <DESTINATION_FOLDER_PATH\ARCHIVE_FILE_NAME_>.rar <FOLDER_PATH_TO_ADD_ARCHIVE>

-- [ `2018-07-26`

# log message not prints, thinks 
> rar a -r -ep1 -agYYYY-MM-DD -inul <DESTINATION_FOLDER_PATH\ARCHIVE_FILE_NAME_>.rar <FOLDER_PATH_TO_ADD_ARCHIVE>

# below adds to archive GUI opens, thinks; of background runs, while adds to archive next prompt shows, to enter command, thinks 
> winrar a -r -ep1 -agYYYY-MM-DD -idq <DESTINATION_FOLDER_PATH\ARCHIVE_FILE_NAME_>.rar <FOLDER_PATH_TO_ADD_ARCHIVE>

-- ]

-- [ `2018-07-28` 

# below tried, of multiple files adds to same archive tried, below command notes available thinks 

-- ]


Options:
- `a` - adds to archive, thinks 
- `-r` - from `<FOLDER_PATH_TO_ADD_ARCHIVE>` recursively folder adds to archive thinks 
- `-ep1` - in archive from relative of `<FOLDER_PATH_TO_ADD_ARCHIVE>` adds inside archive, thinks 
- `-ep` - in archive path nill, all files from subfolder adds in root folder, thinks 
- <ABOVE `-ep` not available thinks> - thinks, in archive from `<FOLDER_PATH_TO_ADD_ARCHIVE>`, parent folder path, adds in archive, thinks 
- `-agYYYY-MM-DD` - adds date in file name of the archive 
- `-x` - exlude folder, files thinsk 
- `-x*\<FOLDER>` - exlude folder in the `<FOLDER_PATH_TO_ADD_ARCHIVE>`, thinks 
- `-x*<FILE_NAME>` - exlude file in the `<FOLDER_PATH_TO_ADD_ARCHIVE>`, thinks 
- `<DESTINATION_FOLDER_PATH\ARCHIVE_FILE_NAME_>.rar` - destination folder path, of archive file adds thinks 
- `<FOLDER_PATH_TO_ADD_ARCHIVE>` - given folder files to add in archive thinks 
- `-inul` - messages not prints, thinks
- `-idq` - messages not prints, prints error message, thinks, 
- `-isnd` - Enable sound
>> `Options` adds modified on `2018-07-26`
- `-m0` - stores files without compression (faster)
- `-hpThisIsThePassword` - sets password to "ThisIsThePassword", Don't edit the "-hp" just add your password after it, replacing "ThisIsThePassword".
- `-df` - to delete files after archiving USE WITH CAUTION
>> `Options` adds modified on `2018-07-28`

# below file path, rar file from command prompt options description available, thinks 
C:\Program Files\WinRAR\Rar.txt

Below major links, seeing tries, thinks 
https://cects.com/using-the-winrar-command-line-tools-in-windows/
https://www.winrar-france.fr/winrar_instructions_for_use/source/html/HELPCommandLineSyntax.htm
https://www.experts-exchange.com/questions/27066849/Winrar-Command-line-to-Add-files-with-Relative-Path-ONLY.html
https://superuser.com/questions/303454/using-winrar-to-compress-a-folder-stucture
https://stackoverflow.com/questions/38908868/how-to-create-a-rar-archive-with-current-date-in-archive-file-name
https://superuser.com/questions/1033340/exclude-files-and-folders-when-zipping-using-winrar/1033351
https://documentation.help/WinRAR/documentation.pdf

# from command prompt, tried, log available in below path, thinks 
D:\Learn\Tried\2018\July\Jul 22\command_prompt_log.txt

Major Commands tries:
# adds archive from relative path 
>rar a -r -ep1 -agYYYY-MM-DD E:\Backup\TestBackup\zTestBackupFilesFromCommandPrompt_.rar D:\Learn\zTestBackupFilesFromCommandPrompt

# exlude folder, files thinks 
>rar a -r -ep1 -agYYYY-MM-DD -x*\folder1 -x*text2.txt E:\Backup\TestBackup\zTestBackupFilesFromCommandPrompt_exlude_.rar D:\Learn\zTestBackupFilesFromCommandPrompt

# all files in archive subfolder, add to archive in root folder; path nill, thinks; duplicate file adds, thinks
>rar a -r -ep -agYYYY-MM-DD E:\Backup\TestBackup\zTestBackupFilesFromCommandPrompt_allfilesrootfolder_.rar D:\Learn\zTestBackupFilesFromCommandPrompt

# archive, from parent directory adds, thinks 
>rar a -r -agYYYY-MM-DD E:\Backup\TestBackup\zTestBackupFilesFromCommandPrompt_parentdirectory_.rar D:\Learn\zTestBackupFilesFromCommandPrompt

-- [ `25-7-2018`; message log not prints, thinks 
# command prompt log, not prints thinks; Note: checking tried large file size `./Softwares/python-3.6.5.exe` adds in test backup folder, checking tried, of backround runs (i.e. before adds to archive complete, next prompt command enters), checking tried, below log message not prints, thinks 
>rar a -r -ep1 -agYYYY-MM-DD -inul E:\Backup\TestBackup\zTestBackupFilesFromCommandPrompt_background_.rar D:\Learn\zTestBackupFilesFromCommandPrompt
>> thinks of option `-inul` OR `-idq` messages not prints, thinks; thinks option to add `-idq` as prints error message, thinks 

- thinks, below links checking tried of command run background (i.e. of file size large, to add archive in background, of command enters in next to prompt, of next command, to tries); thinks, below link log messages, not prints thinks 
https://stackoverflow.com/questions/34591760/how-to-compress-text-files-of-n-number-sub-folder-which-contains-n-number-text-f

-- thinks below link, of silent runs, thinsk 
https://msfn.org/board/topic/96005-question-winrar-sfx-arguments/
https://superuser.com/questions/331148/7-zip-command-line-extract-silently-quietly
https://stackoverflow.com/questions/37960392/activate-winrar-from-cmd-in-silent-mode
https://www.experts-exchange.com/questions/26242053/Using-WinRAR-on-the-command-line.html
https://superuser.com/questions/764165/rar-exe-cli-add-files-from-directory-without-directory-structure
http://kb.winzip.com/kb/entry/403/
https://stackoverflow.com/questions/37459519/how-to-create-mask-in-winrar-to-archive-folders-by-name
https://stackoverflow.com/questions/17876046/compressing-files-with-winrar-command-line-files-in-use
http://acritum.com/software/manuals/winrar/
https://superuser.com/questions/1263920/do-a-compression-dry-run-i-e-no-file-output

-- ]

-- [ `2018-07-26`; background runs, GUI opens thinks, command enter GUI opens adds to archive, of adding next command able to runs, thinks 

# Note: in command prompt, below enters, GUI winrar opens adds to archive thinks; of enters thinks background runs, next prompt command to enter shows, thinks, checking tried of file size large `./Softwares/python-3.6.5.exe` adds in backup folder, backup files tries, thinks 
>winrar a -r -ep1 -agYYYY-MM-DD -idq E:\Backup\TestBackup\zTestBackupFilesFromCommandPrompt_background_.rar D:\Learn\zTestBackupFilesFromCommandPrompt

- thinks below link, command enters GUI opens, which background runs thinks 
https://stackoverflow.com/questions/32341691/unrar-and-progress-bar-bash
https://superuser.com/questions/593129/when-compressing-a-file-on-command-prompt-with-rar-command-how-to-stop-the-proc
https://superuser.com/questions/702122/how-to-show-extraction-progress-of-7zip-inside-cmd
http://acritum.com/winrar/console-rar-manual
>> google search `rar command line percentage to show`, percentage to show in command prompt tried, thinks; from above link, tried ``winrar <COMMAND>` tried, thinks 

-- ]


-- [ `2018-07-28`; to try multiple files add to archive to try, of after adding the txt file to delete to try, thinks 

# below tried, of multiple files add to same archive tried; for `WEB-INF/lib` folder to exlude jar files, to adds jar files list names in txt files to add to archive, of after add to archive the text file to delete the file tried; below tried, in sample `Test Backup` of `Softwares` folder's list files, to add to same archive, of after adds the txt file to delete tried; 
>> Note: of multiple files adds to same archive, command runs of each files adds, tried; as single command multiple files adds of option `-df` deletes both  files (i.e. switch option applies of both files) thinks, so each file command runs tried, thinks 


# sets variable, of date value; Note: to cheking after command prompt closes, variable available to cehecking, to try, thinks; Note: BETWEEN variable AND `=` space available not working, thinks 
>SET "BKP_FILES_DATE=%date:~6,4%-%date:~3,2%-%date:~0,2%"

# prints value; thinks in command prompt of variables name usage, `%<VARIABLE_NAME>%` to adds (i.e. `%` to add in front, rear of variable name, to adds, thinks), 
> echo %BKP_FILES_DATE%

# below `Softwares` folder to list files, add archive, after add in archive, to delete the file, to try thinks 
> dir D:\Learn\Softwares /b sortorder:N > E:\Backup\TestBackup\Softwares_%BKP_FILES_DATE%.txt

# below working, to add multiple files to the archive; below tries, of `Softwares` folder's list files to delete after add archive in single command tried, of switch option `-df` deletes both files, thinks; so below two commands adds tries, thinks; of after multiple files adds to same archive thinks 
> winrar a -r -ep1 -agYYYY-MM-DD -idq E:\Backup\TestBackup\zTestBackupFilesFromCommandPrompt_multiple_.rar D:\Learn\zTestBackupFilesFromCommandPrompt
> winrar a -r -ep1 -agYYYY-MM-DD -idq E:\Backup\TestBackup\zTestBackupFilesFromCommandPrompt_multiple_.rar -df  E:\Backup\TestBackup\Softwares_%BKP_FILES_DATE%.txt


# below not working, switch option deletes both files, thinks; below tries of `Softwares` folder's list in `txt` file, of after adds to archive tries; Note: of `-df` option, deletes both files, thinks; to try switch option to apply for each files, of multiple files adds to try, thinks 
>winrar a -r -ep1 -agYYYY-MM-DD -idq E:\Backup\TestBackup\zTestBackupFilesFromCommandPrompt_multiple_.rar D:\Learn\zTestBackupFilesFromCommandPrompt -df  E:\Backup\TestBackup\Softwares_%BKP_FILES_DATE%.txt
>> Note: above not working, of both folder, file deletes of option `-df` thinks, so to try to add each file to archive to try, thinks  

-- ]


Note:
- to archive `rar`, to backup file from command prompt below tries thinks 
	- in destination folder path, folder not create in the path, from command auto creates tries, thinks not working, to try thinks 
	- in command option `-r`, is recursive folder files add to archive, thinks 
	- in command option `-ep`, is inside archive, all files in the subfolder add in root folder, subfolder path not includes thinks, 
	- thinks of archive from command prompt, full path adds in archive thinks (i.e. to add rar `D:\Learn\zTestBackupFilesFromCommandPrompt`, in rar file from `Learn\zTestBackupFilesFromCommandPrompt` parent folder available thinks), to create from relative path to try, thinks 
	>> `>rar a -r -ep1 E:\Backup\TestBackup\zTestBackupFilesFromCommandPrompt.rar D:\Learn\zTestBackupFilesFromCommandPrompt`, of above the command working thinks (i.e. `-ep1` to add, thinks rar file, from relative path to add in archive, thinks, working thinks)
	- `rar` file to add date, below command thinks (i.e. `-agYYYY-MM-DD` in the command option, to given, of date to add in `rar` file, thinksa)
	>> `>rar a -r -ep1 -agYYYY-MM-DD E:\Backup\TestBackup\zTestBackupFilesFromCommandPrompt_.rar D:\Learn\zTestBackupFilesFromCommandPrompt`, 
	- to try, destination folder path given not available, auto create, to try, thinks 
	>> Note: not knows properly, given destination folder path not available, to create 
	- to try, exclude files to try, thinks, below command thinks
	>> Note: `rar a -r -ep1 -agYYYY-MM-DD -x*\folder1 -x*text2.txt E:\Backup\TestBackup\zTestBackupFilesFromCommandPrompt_.rar D:\Learn\zTestBackupFilesFromCommandPrompt`, to exlude folder, file in archive, 


-- 2018-08-18

TODO:
- `winrar` command mail send to try, of backup `Daily Works` to send in mail 


-- [ below log `rar` file from command prompt, checking tries; environment variable adds 

# below before, environment variable `rar` file adds, 
Microsoft Windows [Version 10.0.17134.165]
(c) 2018 Microsoft Corporation. All rights reserved.

C:\Users\DELL>path
PATH=C:\Program Files\Java\jdk-10.0.1\bin;C:\Program Files (x86)\Common Files\Oracle\Java\javapath;C:\Program Files (x86)\Intel\iCLS Client\;C:\Program Files\Intel\iCLS Client\;C:\WINDOWS\system32;C:\WINDOWS;C:\WINDOWS\System32\Wbem;C:\WINDOWS\System32\WindowsPowerShell\v1.0\;C:\Program Files (x86)\Intel\Intel(R) Management Engine Components\DAL;C:\Program Files\Intel\Intel(R) Management Engine Components\DAL;C:\Program Files (x86)\Intel\Intel(R) Management Engine Components\IPT;C:\Program Files\Intel\Intel(R) Management Engine Components\IPT;C:\Program Files\PuTTY\;;C:\WINDOWS\System32\OpenSSH\;C:\Users\DELL\AppData\Local\Microsoft\WindowsApps;

C:\Users\DELL>rar /?
'rar' is not recognized as an internal or external command,
operable program or batch file.

C:\Users\DELL>rar /?
'rar' is not recognized as an internal or external command,
operable program or batch file.

# Note: below after environment variable of `rar` adds, below prints `path`, tries, `rar` path adds not prints, thinks; in new command prompt prints, below log available, thinks 
C:\Users\DELL>path
PATH=C:\Program Files\Java\jdk-10.0.1\bin;C:\Program Files (x86)\Common Files\Oracle\Java\javapath;C:\Program Files (x86)\Intel\iCLS Client\;C:\Program Files\Intel\iCLS Client\;C:\WINDOWS\system32;C:\WINDOWS;C:\WINDOWS\System32\Wbem;C:\WINDOWS\System32\WindowsPowerShell\v1.0\;C:\Program Files (x86)\Intel\Intel(R) Management Engine Components\DAL;C:\Program Files\Intel\Intel(R) Management Engine Components\DAL;C:\Program Files (x86)\Intel\Intel(R) Management Engine Components\IPT;C:\Program Files\Intel\Intel(R) Management Engine Components\IPT;C:\Program Files\PuTTY\;;C:\WINDOWS\System32\OpenSSH\;C:\Users\DELL\AppData\Local\Microsoft\WindowsApps;

C:\Users\DELL>aa

C:\Users\DELL>


# below after environment variable `rar` file adds, below log thinks; Note: after environment variable in new command prompt path adds, prints thinks, 
Microsoft Windows [Version 10.0.17134.165]
(c) 2018 Microsoft Corporation. All rights reserved.

C:\Users\DELL>rar /?

RAR 4.00   Copyright (c) 1993-2011 Alexander Roshal   2 Mar 2011
Registered to WinRAR

Usage:     rar <command> -<switch 1> -<switch N> <archive> <files...>
               <@listfiles...> <path_to_extract\>

<Commands>
  a             Add files to archive
  c             Add archive comment
  cf            Add files comment
  ch            Change archive parameters
  cw            Write archive comment to file
  d             Delete files from archive
  e             Extract files to current directory
  f             Freshen files in archive
  i[par]=<str>  Find string in archives
  k             Lock archive
  l[t,b]        List archive [technical, bare]
  m[f]          Move to archive [files only]
  p             Print file to stdout
  r             Repair archive
  rc            Reconstruct missing volumes
  rn            Rename archived files
  rr[N]         Add data recovery record
  rv[N]         Create recovery volumes
  s[name|-]     Convert archive to or from SFX
  t             Test archive files
  u             Update files in archive
  v[t,b]        Verbosely list archive [technical,bare]
  x             Extract files with full path

<Switches>
  -             Stop switches scanning
  ac            Clear Archive attribute after compression or extraction
  ad            Append archive name to destination path
  ag[format]    Generate archive name using the current date
  ai            Ignore file attributes
  ao            Add files with Archive attribute set
  ap<path>      Set path inside archive
  as            Synchronize archive contents
  av            Put authenticity verification (registered versions only)
  av-           Disable authenticity verification check
  c-            Disable comments show
  cfg-          Disable read configuration
  cl            Convert names to lower case
  cu            Convert names to upper case
  df            Delete files after archiving
  dh            Open shared files
  dr            Delete files to Recycle Bin
  ds            Disable name sort for solid archive
  dw            Wipe files after archiving
  e[+]<attr>    Set file exclude and include attributes
  ed            Do not add empty directories
  en            Do not put 'end of archive' block
  ep            Exclude paths from names
  ep1           Exclude base directory from names
  ep2           Expand paths to full
  ep3           Expand paths to full including the drive letter
  f             Freshen files
  hp[password]  Encrypt both file data and headers
  id[c,d,p,q]   Disable messages
  ieml[addr]    Send archive by email
  ierr          Send all messages to stderr
  ilog[name]    Log errors to file (registered versions only)
  inul          Disable all messages
  ioff          Turn PC off after completing an operation
  isnd          Enable sound
  k             Lock archive
  kb            Keep broken extracted files
  m<0..5>       Set compression level (0-store...3-default...5-maximal)
  mc<par>       Set advanced compression parameters
  md<size>      Dictionary size in KB (64,128,256,512,1024,2048,4096 or A-G)
  ms[ext;ext]   Specify file types to store
  mt<threads>   Set the number of threads
  n<file>       Include only specified file
  n@            Read file names to include from stdin
  n@<list>      Include files listed in specified list file
  o[+|-]        Set the overwrite mode
  oc            Set NTFS Compressed attribute
  or            Rename files automatically
  os            Save NTFS streams
  ow            Save or restore file owner and group
  p[password]   Set password
  p-            Do not query password
  r             Recurse subdirectories
  r-            Disable recursion
  r0            Recurse subdirectories for wildcard names only
  ri<P>[:<S>]   Set priority (0-default,1-min..15-max) and sleep time in ms
  rr[N]         Add data recovery record
  rv[N]         Create recovery volumes
  s[<N>,v[-],e] Create solid archive
  s-            Disable solid archiving
  sc<chr>[obj]  Specify the character set
  sfx[name]     Create SFX archive
  si[name]      Read data from standard input (stdin)
  sl<size>      Process files with size less than specified
  sm<size>      Process files with size more than specified
  t             Test files after archiving
  ta<date>      Process files modified after <date> in YYYYMMDDHHMMSS format
  tb<date>      Process files modified before <date> in YYYYMMDDHHMMSS format
  tk            Keep original archive time
  tl            Set archive time to latest file
  tn<time>      Process files newer than <time>
  to<time>      Process files older than <time>
  ts<m,c,a>[N]  Save or restore file time (modification, creation, access)
  u             Update files
  v             Create volumes with size autodetection or list all volumes
  v<size>[k,b]  Create volumes with size=<size>*1000 [*1024, *1]
  vd            Erase disk contents before creating volume
  ver[n]        File version control
  vn            Use the old style volume naming scheme
  vp            Pause before each volume
  w<path>       Assign work directory
  x<file>       Exclude specified file
  x@            Read file names to exclude from stdin
  x@<list>      Exclude files listed in specified list file
  y             Assume Yes on all queries
  z[file]       Read archive comment from file

C:\Users\DELL>path
PATH=C:\Program Files\Java\jdk-10.0.1\bin;C:\Program Files (x86)\Common Files\Oracle\Java\javapath;C:\Program Files (x86)\Intel\iCLS Client\;C:\Program Files\Intel\iCLS Client\;C:\WINDOWS\system32;C:\WINDOWS;C:\WINDOWS\System32\Wbem;C:\WINDOWS\System32\WindowsPowerShell\v1.0\;C:\Program Files (x86)\Intel\Intel(R) Management Engine Components\DAL;C:\Program Files\Intel\Intel(R) Management Engine Components\DAL;C:\Program Files (x86)\Intel\Intel(R) Management Engine Components\IPT;C:\Program Files\Intel\Intel(R) Management Engine Components\IPT;C:\Program Files\PuTTY\;C:\WINDOWS\System32\OpenSSH\;C:\Program Files\WinRAR;C:\Users\DELL\AppData\Local\Microsoft\WindowsApps;

C:\Users\DELL>

-- ]
